// Jest Snapshot v1, https://goo.gl/fbAQLP

exports[`renders correctly and creates a snapshot 1`] = `null`;
